
H2 X-state pointwise potential (natural_cubic fit sample points)              
================================================================================
 Generate   ZMU=  0.50391251611(u)   &   BZ= 2.989225294D-02((1/cm-1)(1/Ang**2))
          from atomic masses:   1.00782503223  &    1.00782503223(u)
 Integrate from  RMIN=  0.100  to  RMAX=  40.00  with mesh  RH= 0.000500(Angst)

 Potential-1 for  H(  1)- H(  1)
 ================================
 State has  OMEGA= 0   and energy asymptote:   Y(lim)=     0.00000(cm-1)
 Perform cubic spline interpolation over the   12 input points
 To make input points Y(i) consistent with  Y(lim),  add  Y(shift)=      0.0000
 Scale input points:  (distance)* 5.291772109D-01  &  (energy)* 2.194746314D+05
             to get required internal units  [Angstroms & cm-1 for potentials]
      r(i)         Y(i)        r(i)         Y(i)        r(i)         Y(i)  
   ----------------------   ----------------------   ----------------------
    0.800000  -0.02005667    1.400000  -0.17447571    2.200000  -0.12013212
    1.000000  -0.12453972    1.500000  -0.17285508    3.000000  -0.05732627
    1.200000  -0.16493524    1.600000  -0.16858337    5.000000  -0.00378566
    1.300000  -0.17234715    1.800000  -0.15506874    6.000000  -0.00083571
 ----------------------------------------------------------------------------
 Extrapolate to   X .le. 0.5292  with
   Y=   -41787.371  +1.673220D+06 * exp(-8.979089D+00*X)
 Extrapolate to  X .GE.  2.6459  using
   Y=      0.0000 - [-3.290538D+04/X**6 +2.226059D+06/X**8]
 ----------------------------------------------------------------------------

 Calculate properties of the single potential described above
 Potential-1 uses inner boundary condition of  zero value  at  RMIN

 Eigenvalue convergence criterion is   EPS= 1.0D-08(cm-1)
 Airy function at 3-rd turning point is quasibound outer boundary condition

 Since state-1 has (projected) electronic angular momentum  OMEGA= 0
         eigenvalue calculations use centrifugal potential  [J*(J+1) - 0]/r**2

 For  J=  0, seek the first 400 levels of Potential-1   with   VLIM=      0.000

E(v=  0,J=  0)=-36115.5447
E(v=  1,J=  0)=-31958.7518
E(v=  2,J=  0)=-28038.0537
E(v=  3,J=  0)=-24344.6854
E(v=  4,J=  0)=-20882.1669
E(v=  5,J=  0)=-17647.5261
E(v=  6,J=  0)=-14633.1608
E(v=  7,J=  0)=-11844.4372
E(v=  8,J=  0)= -9293.6631
E(v=  9,J=  0)= -6994.6064
E(v= 10,J=  0)= -4957.8965
E(v= 11,J=  0)= -3203.7596
E(v= 12,J=  0)= -1770.3268
E(v= 13,J=  0)=  -729.6082
E(v= 14,J=  0)=  -132.3595
 For J=  0  ETRY=     0.8357 > VMAX=     0.0112  find onee turn point:  R=  0.41
 For J=  0  ETRY=     0.5713 > VMAX=     0.0112  find onee turn point:  R=  0.41
 *** For  J=  0  E=    -0.00  JWKB start gives  SB/SI= 1.000D+00  so use a node.
E(v= 14,J=  0)=  -132.3595
 For J=  0  ETRY=     0.8357 > VMAX=     0.0112  find onee turn point:  R=  0.41
 For J=  0  ETRY=     0.5713 > VMAX=     0.0112  find onee turn point:  R=  0.41

 ALF search finds next estimated trial energy  E(v= 15)= 0.57134882    
        lies above potential maximum or asymptote at  VMAX= 0.11209372E-01
 ALF finds the highest calculated level is  E(v= 14)= -1.3235950D+02

E(v=  0,J=  0)=-36115.5447
E(v=  1,J=  0)=-31958.7518
E(v=  2,J=  0)=-28038.0537
E(v=  3,J=  0)=-24344.6854
E(v=  4,J=  0)=-20882.1669
E(v=  5,J=  0)=-17647.5261
E(v=  6,J=  0)=-14633.1608
E(v=  7,J=  0)=-11844.4372
E(v=  8,J=  0)= -9293.6631
E(v=  9,J=  0)= -6994.6064
E(v= 10,J=  0)= -4957.8965
E(v= 11,J=  0)= -3203.7596
E(v= 12,J=  0)= -1770.3268
E(v= 13,J=  0)=  -729.6082
E(v= 14,J=  0)=  -132.3595

 Find  15 Potential-1 vibrational levels with  J=  0
     v     E(v)        v     E(v)        v     E(v)        v     E(v)   
    --------------    --------------    --------------    --------------
     0 -36115.5447     4 -20882.1669     8  -9293.6631    12  -1770.3268
     1 -31958.7518     5 -17647.5261     9  -6994.6064    13   -729.6082
     2 -28038.0537     6 -14633.1608    10  -4957.8965    14   -132.3595
     3 -24344.6854     7 -11844.4372    11  -3203.7596

 An  n= 6  N-D theory extrapolation from  v=  13 &  14  implies   vD =  15.305
     with the   1 missing level(s) predicted to be:
     v     E(v)        v     E(v)        v     E(v)        v     E(v)   
    --------------    --------------    --------------    --------------
    15     -1.6852
 ===============================================================================




